2026-09-15T10:55:40: Redis error ConnectionTimeoutError: Connection timeout
2026-09-15T10:55:40:     at Socket.onTimeout (/Users/user/development/Codes/JavaScript/ulfa/chatbot_gateway/node_modules/@redis/client/lib/client/socket.ts:358:40)
2026-09-15T10:55:40:     at Object.onceWrapper (node:events:630:28)
2026-09-15T10:55:40:     at Socket.emit (node:events:509:28)
2026-09-15T10:55:40:     at Socket._onTimeout (node:net:611:8)
2026-09-15T10:55:40:     at listOnTimeout (node:internal/timers:605:17)
2026-09-15T10:55:40:     at process.processTimers (node:internal/timers:541:7)
2026-09-15T10:55:45: Redis error ConnectionTimeoutError: Connection timeout
2026-09-15T10:55:45:     at Socket.onTimeout (/Users/user/development/Codes/JavaScript/ulfa/chatbot_gateway/node_modules/@redis/client/lib/client/socket.ts:358:40)
2026-09-15T10:55:45:     at Object.onceWrapper (node:events:630:28)
2026-09-15T10:55:45:     at Socket.emit (node:events:509:28)
2026-09-15T10:55:45:     at Socket._onTimeout (node:net:611:8)
2026-09-15T10:55:45:     at listOnTimeout (node:internal/timers:605:17)
2026-09-15T10:55:45:     at process.processTimers (node:internal/timers:541:7)
2026-09-15T10:55:50: Redis error ConnectionTimeoutError: Connection timeout
2026-09-15T10:55:50:     at Socket.onTimeout (/Users/user/development/Codes/JavaScript/ulfa/chatbot_gateway/node_modules/@redis/client/lib/client/socket.ts:358:40)
2026-09-15T10:55:50:     at Object.onceWrapper (node:events:630:28)
2026-09-15T10:55:50:     at Socket.emit (node:events:509:28)
2026-09-15T10:55:50:     at Socket._onTimeout (node:net:611:8)
2026-09-15T10:55:50:     at listOnTimeout (node:internal/timers:605:17)
2026-09-15T10:55:50:     at process.processTimers (node:internal/timers:541:7)
2026-09-15T10:55:55: Redis error ConnectionTimeoutError: Connection timeout
2026-09-15T10:55:55:     at Socket.onTimeout (/Users/user/development/Codes/JavaScript/ulfa/chatbot_gateway/node_modules/@redis/client/lib/client/socket.ts:358:40)
2026-09-15T10:55:55:     at Object.onceWrapper (node:events:630:28)
2026-09-15T10:55:55:     at Socket.emit (node:events:509:28)
2026-09-15T10:55:55:     at Socket._onTimeout (node:net:611:8)
2026-09-15T10:55:55:     at listOnTimeout (node:internal/timers:605:17)
2026-09-15T10:55:55:     at process.processTimers (node:internal/timers:541:7)
2026-09-15T10:56:01: Redis error ConnectionTimeoutError: Connection timeout
2026-09-15T10:56:01:     at Socket.onTimeout (/Users/user/development/Codes/JavaScript/ulfa/chatbot_gateway/node_modules/@redis/client/lib/client/socket.ts:358:40)
2026-09-15T10:56:01:     at Object.onceWrapper (node:events:630:28)
2026-09-15T10:56:01:     at Socket.emit (node:events:509:28)
2026-09-15T10:56:01:     at Socket._onTimeout (node:net:611:8)
2026-09-15T10:56:01:     at listOnTimeout (node:internal/timers:605:17)
2026-09-15T10:56:01:     at process.processTimers (node:internal/timers:541:7)
2026-09-15T10:56:07: Redis error ConnectionTimeoutError: Connection timeout
2026-09-15T10:56:07:     at Socket.onTimeout (/Users/user/development/Codes/JavaScript/ulfa/chatbot_gateway/node_modules/@redis/client/lib/client/socket.ts:358:40)
2026-09-15T10:56:07:     at Object.onceWrapper (node:events:630:28)
2026-09-15T10:56:07:     at Socket.emit (node:events:509:28)
2026-09-15T10:56:07:     at Socket._onTimeout (node:net:611:8)
2026-09-15T10:56:07:     at listOnTimeout (node:internal/timers:605:17)
2026-09-15T10:56:07:     at process.processTimers (node:internal/timers:541:7)
2026-09-15T10:56:13: Redis error ConnectionTimeoutError: Connection timeout
2026-09-15T10:56:13:     at Socket.onTimeout (/Users/user/development/Codes/JavaScript/ulfa/chatbot_gateway/node_modules/@redis/client/lib/client/socket.ts:358:40)
2026-09-15T10:56:13:     at Object.onceWrapper (node:events:630:28)
2026-09-15T10:56:13:     at Socket.emit (node:events:509:28)
2026-09-15T10:56:13:     at Socket._onTimeout (node:net:611:8)
2026-09-15T10:56:13:     at listOnTimeout (node:internal/timers:605:17)
2026-09-15T10:56:13:     at process.processTimers (node:internal/timers:541:7)
2026-09-15T10:56:20: Redis error ConnectionTimeoutError: Connection timeout
2026-09-15T10:56:20:     at Socket.onTimeout (/Users/user/development/Codes/JavaScript/ulfa/chatbot_gateway/node_modules/@redis/client/lib/client/socket.ts:358:40)
2026-09-15T10:56:20:     at Object.onceWrapper (node:events:630:28)
2026-09-15T10:56:20:     at Socket.emit (node:events:509:28)
2026-09-15T10:56:20:     at Socket._onTimeout (node:net:611:8)
2026-09-15T10:56:20:     at listOnTimeout (node:internal/timers:605:17)
2026-09-15T10:56:20:     at process.processTimers (node:internal/timers:541:7)
2026-09-15T10:56:27: Redis error ConnectionTimeoutError: Connection timeout
2026-09-15T10:56:27:     at Socket.onTimeout (/Users/user/development/Codes/JavaScript/ulfa/chatbot_gateway/node_modules/@redis/client/lib/client/socket.ts:358:40)
2026-09-15T10:56:27:     at Object.onceWrapper (node:events:630:28)
2026-09-15T10:56:27:     at Socket.emit (node:events:509:28)
2026-09-15T10:56:27:     at Socket._onTimeout (node:net:611:8)
2026-09-15T10:56:27:     at listOnTimeout (node:internal/timers:605:17)
2026-09-15T10:56:27:     at process.processTimers (node:internal/timers:541:7)
